<html>
<body>
<pre>
<h1>µVision Build Log</h1>
<h2>Tool Versions:</h2>
IDE-Version: ¦ÌVision V5.18.0.0
Copyright (C) 2016 ARM Ltd and ARM Germany GmbH. All rights reserved.
License Information: yan borry, asfd, LIC=0VRJ7-E17K2-HRPXN-Y169Z-2GW9W-LB72X
 
Tool Versions:
Toolchain:       MDK-ARM Professional  Version: 5.18
Toolchain Path:  E:\code\keil\ARM\ARMCC\Bin
C Compiler:      Armcc.exe V5.06 update 1 (build 61)
Assembler:       Armasm.exe V5.06 update 1 (build 61)
Linker/Locator:  ArmLink.exe V5.06 update 1 (build 61)
Library Manager: ArmAr.exe V5.06 update 1 (build 61)
Hex Converter:   FromElf.exe V5.06 update 1 (build 61)
CPU DLL:         SARMCM3.DLL V5.18
Dialog DLL:      DCM.DLL V1.13.6.0
Target DLL:      CMSIS_AGDI.dll V1.25.7.0
Dialog DLL:      TCM.DLL V1.14.8.0
 
<h2>Project:</h2>
D:\BaiduSyncdisk\output\STM-Basic-Project\f103c8t6\ADC\ADCSingle_IT\adc_single_it\MDK-ARM\adc_single_it.uvprojx
Project File Date:  02/14/2023

<h2>Output:</h2>
*** Using Compiler 'V5.06 update 1 (build 61)', folder: 'E:\code\keil\ARM\ARMCC\Bin'
Build target 'adc_single_it'
compiling gpio.c...
compiling stm32f1xx_it.c...
compiling stm32f1xx_hal_gpio_ex.c...
compiling stm32f1xx_hal.c...
compiling adc.c...
compiling main.c...
compiling usart.c...
compiling stm32f1xx_hal_rcc_ex.c...
compiling stm32f1xx_hal_dma.c...
compiling stm32f1xx_hal_cortex.c...
compiling stm32f1xx_hal_gpio.c...
compiling stm32f1xx_hal_msp.c...
compiling stm32f1xx_hal_adc_ex.c...
compiling stm32f1xx_hal_rcc.c...
compiling stm32f1xx_hal_adc.c...
compiling stm32f1xx_hal_pwr.c...
compiling stm32f1xx_hal_flash.c...
compiling stm32f1xx_hal_exti.c...
compiling stm32f1xx_hal_tim_ex.c...
compiling stm32f1xx_hal_tim.c...
compiling stm32f1xx_hal_flash_ex.c...
compiling system_stm32f1xx.c...
compiling stm32f1xx_hal_uart.c...
linking...
Program Size: Code=5820 RO-data=292 RW-data=20 ZI-data=1748  
FromELF: creating hex file...
"adc_single_it\adc_single_it.axf" - 0 Error(s), 0 Warning(s).

<h2>Software Packages used:</h2>

Package Vendor: ARM
                http://www.keil.com/pack/ARM.CMSIS.4.5.0.pack
                ARM::CMSIS:CORE:4.3.0
                CMSIS (Cortex Microcontroller Software Interface Standard)
   * Component: CORE Version: 4.3.0

<h2>Collection of Component include folders:</h2>
  D:\BaiduSyncdisk\output\STM-Basic-Project\f103c8t6\ADC\ADCSingle_IT\adc_single_it\MDK-ARM\RTE
  E:\code\keil\ARM\PACK\ARM\CMSIS\4.5.0\CMSIS\Include
  E:\code\keil\ARM\PACK\Keil\STM32F1xx_DFP\2.4.0\Device\Include

<h2>Collection of Component Files used:</h2>

   * Component: ARM::CMSIS:CORE:4.3.0
Build Time Elapsed:  00:00:03
</pre>
</body>
</html>
